^chdir .*(__kernel_vsyscaln )?(__)?chdir f3 f2 _too many stack frames_
^SIGURG .*(__kernel_vsyscaln )?(__)?kill f3 f2 _too many stack frames_
